"blank"			"--DC Specific--"
"chooseteam"		"Choose Team"
"chooseitems"		"Choose Items"
"drop_object"		"Drop The Object (Flag, etc.)"
"+zoomin"		"Zoom in"
"+zoomout"		"Zoom out"
"zoomin_inc"		"Zoom in (Incremental)"
"zoomout_inc"		"Zoom out (Incremental)"
"+dash"			"Dash"
"toggle_item"		"Toggle Special Item"
"drop_current"		"Drop Current Item"
"+commandmenu"		"Command Menu"
"quickcss"		"Toggle QuickCSS"
"+info"			"Objective Information"
"blank"			" "
"blank"			"--Communication--"
"+voicerecord"		"Use Voice Communication"
"messagemode"		"Chat message"
"messagemode2"		"Team message"
"blank"			" "
"blank"			"--Normal--"
"+forward"		"Move forward"
"+back"			"Move back"
"+left"			"Turn left"
"+right"		"Turn right"
"+moveleft"		"Move left (strafe)"
"+moveright"		"Move right (strafe)"
"+jump"			"Jump"
"+duck"			"Duck"
"+moveup"		"Swim up"
"+movedown"		"Swim down"
"+lookup"		"Look up"
"+lookdown"		"Look down"
"centerview"		"Look straight ahead"
"+strafe"		"Strafe modifier"
"+mlook"		"Mouse look modifier"
"+klook"		"Keyboard look modifier"
"+attack"		"Primary attack"
"+attack2"		"Secondary attack"
"+attack3"		"Change weapon mode"
"+reload"		"Reload weapon"
"+use"			"Use item (buttons, scientists, ...)"
"+speed"		"Walk"
"impulse 100"		"Flashlight"
"impulse 201"		"Spray logo"
"slot1"			"Weapon category 1 (melee)"
"slot2"			"Weapon category 2 (secondary)"
"slot3"			"Weapon category 3 (primary)"
"slot4"			"Weapon category 4 (equipment)"
"slot5"			"Weapon category 5 (misc)"
"invprev"		"Previous weapon"
"invnext"		"Next weapon"
"+showscores"		"Display multiplayer scores"
"snapshot"		"Take screen shot"
"pause"			"Pause game"
"quit"			"Quit game"
"blank"			" "
"blank"			"--Advanced--"
"lastinv"		"Last used weapon"
"kill"			"Commit Suicide"
"melee"			"Select Chosen Melee"
"secondary"		"Select Chosen Secondary"
"primary"		"Select Chosen Primary"
"equipment"		"Select Chosen Equipment"
"+graph"		"Show network statistics"
